#
# There is insufficient memory for the Java Runtime Environment to continue.
# Native memory allocation (malloc) failed to allocate 705456 bytes for Chunk::new
# Possible reasons:
#   The system is out of physical RAM or swap space
#   The process is running with CompressedOops enabled, and the Java Heap may be blocking the growth of the native heap
# Possible solutions:
#   Reduce memory load on the system
#   Increase physical memory or swap space
#   Check if swap backing store is full
#   Decrease Java heap size (-Xmx/-Xms)
#   Decrease number of Java threads
#   Decrease Java thread stack sizes (-Xss)
#   Set larger code cache with -XX:ReservedCodeCacheSize=
#   JVM is running with Zero Based Compressed Oops mode in which the Java heap is
#     placed in the first 32GB address space. The Java Heap base address is the
#     maximum limit for the native heap growth. Please use -XX:HeapBaseMinAddress
#     to set the Java Heap base and to place the Java Heap above 32GB virtual address.
# This output file may be truncated or incomplete.
#
#  Out of Memory Error (arena.cpp:168), pid=10188, tid=23020
#
# JRE version: Java(TM) SE Runtime Environment (21.0.5+9) (build 21.0.5+9-LTS-239)
# Java VM: Java HotSpot(TM) 64-Bit Server VM (21.0.5+9-LTS-239, mixed mode, sharing, tiered, compressed oops, compressed class ptrs, g1 gc, windows-amd64)
# No core dump will be written. Minidumps are not enabled by default on client versions of Windows
#

---------------  S U M M A R Y ------------

Command Line: C:\Users\imsaa\AppData\Local\Temp\surefire1079699650395105799\surefirebooter-20250312042343317_3.jar C:\Users\imsaa\AppData\Local\Temp\surefire1079699650395105799 2025-03-12T04-23-43_207-jvmRun1 surefire-20250312042343317_1tmp surefire_0-20250312042343317_2tmp

Host: Intel(R) Core(TM) i7-10750H CPU @ 2.60GHz, 12 cores, 15G,  Windows 11 , 64 bit Build 22621 (10.0.22621.5015)
Time: Wed Mar 12 04:23:44 2025 India Standard Time elapsed time: 0.741006 seconds (0d 0h 0m 0s)

---------------  T H R E A D  ---------------

Current thread (0x000001822aae7ec0):  JavaThread "C2 CompilerThread1" daemon [_thread_in_native, id=23020, stack(0x0000003284500000,0x0000003284600000) (1024K)]


Current CompileTask:
C2:    741 1681       4       jdk.internal.loader.URLClassPath::getResource (74 bytes)

Stack: [0x0000003284500000,0x0000003284600000]
Native frames: (J=compiled Java code, j=interpreted, Vv=VM code, C=native code)
V  [jvm.dll+0x6ca289]
V  [jvm.dll+0x854a51]
V  [jvm.dll+0x856f7e]
V  [jvm.dll+0x857653]
V  [jvm.dll+0x27dd26]
V  [jvm.dll+0xc4c2d]
V  [jvm.dll+0xc5163]
V  [jvm.dll+0x3b4d02]
V  [jvm.dll+0x3814b5]
V  [jvm.dll+0x38092a]
V  [jvm.dll+0x246910]
V  [jvm.dll+0x245eef]
V  [jvm.dll+0x1c6d0e]
V  [jvm.dll+0x2554d9]
V  [jvm.dll+0x253a6a]
V  [jvm.dll+0x3ee136]
V  [jvm.dll+0x7fee9b]
V  [jvm.dll+0x6c896d]
C  [ucrtbase.dll+0x29333]
C  [KERNEL32.DLL+0x1259d]
C  [ntdll.dll+0x5af38]


---------------  P R O C E S S  ---------------

Threads class SMR info:
_java_thread_list=0x000001822acc3770, length=14, elements={
0x000001820915f320, 0x000001822a2d73e0, 0x000001822a2d82f0, 0x000001822a2dbec0,
0x000001822a2dda50, 0x000001822a2de4a0, 0x000001822a2deef0, 0x000001822a2dffd0,
0x000001822a2e0a60, 0x000001822aa9cb70, 0x000001822aa9f3a0, 0x000001822aae7ec0,
0x000001827008cda0, 0x000001822acad250
}

Java Threads: ( => current thread )
  0x000001820915f320 JavaThread "main"                              [_thread_in_Java, id=24152, stack(0x0000003283300000,0x0000003283400000) (1024K)]
  0x000001822a2d73e0 JavaThread "Reference Handler"          daemon [_thread_blocked, id=7856, stack(0x0000003283b00000,0x0000003283c00000) (1024K)]
  0x000001822a2d82f0 JavaThread "Finalizer"                  daemon [_thread_blocked, id=21440, stack(0x0000003283c00000,0x0000003283d00000) (1024K)]
  0x000001822a2dbec0 JavaThread "Signal Dispatcher"          daemon [_thread_blocked, id=6488, stack(0x0000003283d00000,0x0000003283e00000) (1024K)]
  0x000001822a2dda50 JavaThread "Attach Listener"            daemon [_thread_blocked, id=10092, stack(0x0000003283e00000,0x0000003283f00000) (1024K)]
  0x000001822a2de4a0 JavaThread "Service Thread"             daemon [_thread_blocked, id=9208, stack(0x0000003283f00000,0x0000003284000000) (1024K)]
  0x000001822a2deef0 JavaThread "Monitor Deflation Thread"   daemon [_thread_blocked, id=14276, stack(0x0000003284000000,0x0000003284100000) (1024K)]
  0x000001822a2dffd0 JavaThread "C2 CompilerThread0"         daemon [_thread_in_native, id=20788, stack(0x0000003284100000,0x0000003284200000) (1024K)]
  0x000001822a2e0a60 JavaThread "C1 CompilerThread0"         daemon [_thread_in_native, id=2480, stack(0x0000003284200000,0x0000003284300000) (1024K)]
  0x000001822aa9cb70 JavaThread "Notification Thread"        daemon [_thread_blocked, id=23268, stack(0x0000003284300000,0x0000003284400000) (1024K)]
  0x000001822aa9f3a0 JavaThread "Common-Cleaner"             daemon [_thread_blocked, id=13800, stack(0x0000003284400000,0x0000003284500000) (1024K)]
=>0x000001822aae7ec0 JavaThread "C2 CompilerThread1"         daemon [_thread_in_native, id=23020, stack(0x0000003284500000,0x0000003284600000) (1024K)]
  0x000001827008cda0 JavaThread "surefire-forkedjvm-stream-flusher" daemon [_thread_blocked, id=22060, stack(0x0000003284600000,0x0000003284700000) (1024K)]
  0x000001822acad250 JavaThread "surefire-forkedjvm-command-thread" daemon [_thread_in_native, id=5800, stack(0x0000003284700000,0x0000003284800000) (1024K)]
Total: 14

Other Threads:
  0x000001822a2b8950 VMThread "VM Thread"                           [id=10516, stack(0x0000003283a00000,0x0000003283b00000) (1024K)]
  0x000001822a2a5420 WatcherThread "VM Periodic Task Thread"        [id=17636, stack(0x0000003283900000,0x0000003283a00000) (1024K)]
  0x000001820934f4e0 WorkerThread "GC Thread#0"                     [id=20840, stack(0x0000003283400000,0x0000003283500000) (1024K)]
  0x000001827087d720 WorkerThread "GC Thread#1"                     [id=8364, stack(0x0000003284800000,0x0000003284900000) (1024K)]
  0x000001827087dac0 WorkerThread "GC Thread#2"                     [id=16296, stack(0x0000003284900000,0x0000003284a00000) (1024K)]
  0x000001827083ea90 WorkerThread "GC Thread#3"                     [id=19400, stack(0x0000003284a00000,0x0000003284b00000) (1024K)]
  0x000001827083ee30 WorkerThread "GC Thread#4"                     [id=15184, stack(0x0000003284b00000,0x0000003284c00000) (1024K)]
  0x000001827083f7e0 WorkerThread "GC Thread#5"                     [id=6704, stack(0x0000003284c00000,0x0000003284d00000) (1024K)]
  0x000001827098ed10 WorkerThread "GC Thread#6"                     [id=10872, stack(0x0000003284d00000,0x0000003284e00000) (1024K)]
  0x000001827098f0b0 WorkerThread "GC Thread#7"                     [id=16460, stack(0x0000003284e00000,0x0000003284f00000) (1024K)]
  0x000001827098f450 WorkerThread "GC Thread#8"                     [id=21844, stack(0x0000003284f00000,0x0000003285000000) (1024K)]
  0x0000018270990010 WorkerThread "GC Thread#9"                     [id=13036, stack(0x0000003285000000,0x0000003285100000) (1024K)]
  0x00000182093622f0 ConcurrentGCThread "G1 Main Marker"            [id=1644, stack(0x0000003283500000,0x0000003283600000) (1024K)]
  0x0000018209362d00 WorkerThread "G1 Conc#0"                       [id=7172, stack(0x0000003283600000,0x0000003283700000) (1024K)]
  0x000001822a171030 ConcurrentGCThread "G1 Refine#0"               [id=3748, stack(0x0000003283700000,0x0000003283800000) (1024K)]
  0x000001822a1716c0 ConcurrentGCThread "G1 Service"                [id=23904, stack(0x0000003283800000,0x0000003283900000) (1024K)]
Total: 16

Threads with active compile tasks:
C2 CompilerThread0      753 1762       4       java.lang.StringBuilder::append (8 bytes)
C1 CompilerThread0      753 1765       3       io.cucumber.core.internal.com.fasterxml.jackson.core.type.ResolvedType::isReferenceType (13 bytes)
C2 CompilerThread1      753 1681       4       jdk.internal.loader.URLClassPath::getResource (74 bytes)
Total: 3

VM state: not at safepoint (normal execution)

VM Mutex/Monitor currently owned by a thread: None

Heap address: 0x0000000702a00000, size: 4054 MB, Compressed Oops mode: Zero based, Oop shift amount: 3

CDS archive(s) mapped at: [0x000001822b000000-0x000001822bc90000-0x000001822bc90000), size 13172736, SharedBaseAddress: 0x000001822b000000, ArchiveRelocationMode: 1.
Compressed class space mapped at: 0x000001822c000000-0x000001826c000000, reserved size: 1073741824
Narrow klass base: 0x000001822b000000, Narrow klass shift: 0, Narrow klass range: 0x100000000

GC Precious Log:
 CardTable entry size: 512
 Card Set container configuration: InlinePtr #cards 4 size 8 Array Of Cards #cards 16 size 48 Howl #buckets 8 coarsen threshold 3686 Howl Bitmap #cards 512 size 80 coarsen threshold 460 Card regions per heap region 1 cards per card region 4096
 CPUs: 12 total, 12 available
 Memory: 16215M
 Large Page Support: Disabled
 NUMA Support: Disabled
 Compressed Oops: Enabled (Zero based)
 Heap Region Size: 2M
 Heap Min Capacity: 8M
 Heap Initial Capacity: 254M
 Heap Max Capacity: 4054M
 Pre-touch: Disabled
 Parallel Workers: 10
 Concurrent Workers: 3
 Concurrent Refinement Workers: 10
 Periodic GC: Disabled

Heap:
 garbage-first heap   total 260096K, used 28373K [0x0000000702a00000, 0x0000000800000000)
  region size 2048K, 15 young (30720K), 2 survivors (4096K)
 Metaspace       used 12441K, committed 12736K, reserved 1114112K
  class space    used 1425K, committed 1536K, reserved 1048576K

Heap Regions: E=young(eden), S=young(survivor), O=old, HS=humongous(starts), HC=humongous(continues), CS=collection set, F=free, TAMS=top-at-mark-start, PB=parsable bottom
|   0|0x0000000702a00000, 0x0000000702bb57b0, 0x0000000702c00000| 85%| O|  |TAMS 0x0000000702a00000| PB 0x0000000702a00000| Untracked 
|   1|0x0000000702c00000, 0x0000000702c00000, 0x0000000702e00000|  0%| F|  |TAMS 0x0000000702c00000| PB 0x0000000702c00000| Untracked 
|   2|0x0000000702e00000, 0x0000000702e00000, 0x0000000703000000|  0%| F|  |TAMS 0x0000000702e00000| PB 0x0000000702e00000| Untracked 
|   3|0x0000000703000000, 0x0000000703000000, 0x0000000703200000|  0%| F|  |TAMS 0x0000000703000000| PB 0x0000000703000000| Untracked 
|   4|0x0000000703200000, 0x0000000703200000, 0x0000000703400000|  0%| F|  |TAMS 0x0000000703200000| PB 0x0000000703200000| Untracked 
|   5|0x0000000703400000, 0x0000000703400000, 0x0000000703600000|  0%| F|  |TAMS 0x0000000703400000| PB 0x0000000703400000| Untracked 
|   6|0x0000000703600000, 0x0000000703600000, 0x0000000703800000|  0%| F|  |TAMS 0x0000000703600000| PB 0x0000000703600000| Untracked 
|   7|0x0000000703800000, 0x0000000703800000, 0x0000000703a00000|  0%| F|  |TAMS 0x0000000703800000| PB 0x0000000703800000| Untracked 
|   8|0x0000000703a00000, 0x0000000703a00000, 0x0000000703c00000|  0%| F|  |TAMS 0x0000000703a00000| PB 0x0000000703a00000| Untracked 
|   9|0x0000000703c00000, 0x0000000703c00000, 0x0000000703e00000|  0%| F|  |TAMS 0x0000000703c00000| PB 0x0000000703c00000| Untracked 
|  10|0x0000000703e00000, 0x0000000703e00000, 0x0000000704000000|  0%| F|  |TAMS 0x0000000703e00000| PB 0x0000000703e00000| Untracked 
|  11|0x0000000704000000, 0x0000000704000000, 0x0000000704200000|  0%| F|  |TAMS 0x0000000704000000| PB 0x0000000704000000| Untracked 
|  12|0x0000000704200000, 0x0000000704200000, 0x0000000704400000|  0%| F|  |TAMS 0x0000000704200000| PB 0x0000000704200000| Untracked 
|  13|0x0000000704400000, 0x0000000704400000, 0x0000000704600000|  0%| F|  |TAMS 0x0000000704400000| PB 0x0000000704400000| Untracked 
|  14|0x0000000704600000, 0x0000000704600000, 0x0000000704800000|  0%| F|  |TAMS 0x0000000704600000| PB 0x0000000704600000| Untracked 
|  15|0x0000000704800000, 0x0000000704800000, 0x0000000704a00000|  0%| F|  |TAMS 0x0000000704800000| PB 0x0000000704800000| Untracked 
|  16|0x0000000704a00000, 0x0000000704a00000, 0x0000000704c00000|  0%| F|  |TAMS 0x0000000704a00000| PB 0x0000000704a00000| Untracked 
|  17|0x0000000704c00000, 0x0000000704c00000, 0x0000000704e00000|  0%| F|  |TAMS 0x0000000704c00000| PB 0x0000000704c00000| Untracked 
|  18|0x0000000704e00000, 0x0000000704e00000, 0x0000000705000000|  0%| F|  |TAMS 0x0000000704e00000| PB 0x0000000704e00000| Untracked 
|  19|0x0000000705000000, 0x0000000705000000, 0x0000000705200000|  0%| F|  |TAMS 0x0000000705000000| PB 0x0000000705000000| Untracked 
|  20|0x0000000705200000, 0x0000000705200000, 0x0000000705400000|  0%| F|  |TAMS 0x0000000705200000| PB 0x0000000705200000| Untracked 
|  21|0x0000000705400000, 0x0000000705400000, 0x0000000705600000|  0%| F|  |TAMS 0x0000000705400000| PB 0x0000000705400000| Untracked 
|  22|0x0000000705600000, 0x0000000705600000, 0x0000000705800000|  0%| F|  |TAMS 0x0000000705600000| PB 0x0000000705600000| Untracked 
|  23|0x0000000705800000, 0x0000000705800000, 0x0000000705a00000|  0%| F|  |TAMS 0x0000000705800000| PB 0x0000000705800000| Untracked 
|  24|0x0000000705a00000, 0x0000000705a00000, 0x0000000705c00000|  0%| F|  |TAMS 0x0000000705a00000| PB 0x0000000705a00000| Untracked 
|  25|0x0000000705c00000, 0x0000000705c00000, 0x0000000705e00000|  0%| F|  |TAMS 0x0000000705c00000| PB 0x0000000705c00000| Untracked 
|  26|0x0000000705e00000, 0x0000000705e00000, 0x0000000706000000|  0%| F|  |TAMS 0x0000000705e00000| PB 0x0000000705e00000| Untracked 
|  27|0x0000000706000000, 0x0000000706000000, 0x0000000706200000|  0%| F|  |TAMS 0x0000000706000000| PB 0x0000000706000000| Untracked 
|  28|0x0000000706200000, 0x0000000706200000, 0x0000000706400000|  0%| F|  |TAMS 0x0000000706200000| PB 0x0000000706200000| Untracked 
|  29|0x0000000706400000, 0x0000000706400000, 0x0000000706600000|  0%| F|  |TAMS 0x0000000706400000| PB 0x0000000706400000| Untracked 
|  30|0x0000000706600000, 0x0000000706600000, 0x0000000706800000|  0%| F|  |TAMS 0x0000000706600000| PB 0x0000000706600000| Untracked 
|  31|0x0000000706800000, 0x0000000706800000, 0x0000000706a00000|  0%| F|  |TAMS 0x0000000706800000| PB 0x0000000706800000| Untracked 
|  32|0x0000000706a00000, 0x0000000706a00000, 0x0000000706c00000|  0%| F|  |TAMS 0x0000000706a00000| PB 0x0000000706a00000| Untracked 
|  33|0x0000000706c00000, 0x0000000706c00000, 0x0000000706e00000|  0%| F|  |TAMS 0x0000000706c00000| PB 0x0000000706c00000| Untracked 
|  34|0x0000000706e00000, 0x0000000706e00000, 0x0000000707000000|  0%| F|  |TAMS 0x0000000706e00000| PB 0x0000000706e00000| Untracked 
|  35|0x0000000707000000, 0x0000000707000000, 0x0000000707200000|  0%| F|  |TAMS 0x0000000707000000| PB 0x0000000707000000| Untracked 
|  36|0x0000000707200000, 0x0000000707200000, 0x0000000707400000|  0%| F|  |TAMS 0x0000000707200000| PB 0x0000000707200000| Untracked 
|  37|0x0000000707400000, 0x0000000707400000, 0x0000000707600000|  0%| F|  |TAMS 0x0000000707400000| PB 0x0000000707400000| Untracked 
|  38|0x0000000707600000, 0x0000000707600000, 0x0000000707800000|  0%| F|  |TAMS 0x0000000707600000| PB 0x0000000707600000| Untracked 
|  39|0x0000000707800000, 0x0000000707800000, 0x0000000707a00000|  0%| F|  |TAMS 0x0000000707800000| PB 0x0000000707800000| Untracked 
|  40|0x0000000707a00000, 0x0000000707a00000, 0x0000000707c00000|  0%| F|  |TAMS 0x0000000707a00000| PB 0x0000000707a00000| Untracked 
|  41|0x0000000707c00000, 0x0000000707c00000, 0x0000000707e00000|  0%| F|  |TAMS 0x0000000707c00000| PB 0x0000000707c00000| Untracked 
|  42|0x0000000707e00000, 0x0000000707e00000, 0x0000000708000000|  0%| F|  |TAMS 0x0000000707e00000| PB 0x0000000707e00000| Untracked 
|  43|0x0000000708000000, 0x0000000708000000, 0x0000000708200000|  0%| F|  |TAMS 0x0000000708000000| PB 0x0000000708000000| Untracked 
|  44|0x0000000708200000, 0x0000000708200000, 0x0000000708400000|  0%| F|  |TAMS 0x0000000708200000| PB 0x0000000708200000| Untracked 
|  45|0x0000000708400000, 0x0000000708400000, 0x0000000708600000|  0%| F|  |TAMS 0x0000000708400000| PB 0x0000000708400000| Untracked 
|  46|0x0000000708600000, 0x0000000708600000, 0x0000000708800000|  0%| F|  |TAMS 0x0000000708600000| PB 0x0000000708600000| Untracked 
|  47|0x0000000708800000, 0x0000000708800000, 0x0000000708a00000|  0%| F|  |TAMS 0x0000000708800000| PB 0x0000000708800000| Untracked 
|  48|0x0000000708a00000, 0x0000000708a00000, 0x0000000708c00000|  0%| F|  |TAMS 0x0000000708a00000| PB 0x0000000708a00000| Untracked 
|  49|0x0000000708c00000, 0x0000000708c00000, 0x0000000708e00000|  0%| F|  |TAMS 0x0000000708c00000| PB 0x0000000708c00000| Untracked 
|  50|0x0000000708e00000, 0x0000000708e00000, 0x0000000709000000|  0%| F|  |TAMS 0x0000000708e00000| PB 0x0000000708e00000| Untracked 
|  51|0x0000000709000000, 0x0000000709000000, 0x0000000709200000|  0%| F|  |TAMS 0x0000000709000000| PB 0x0000000709000000| Untracked 
|  52|0x0000000709200000, 0x0000000709200000, 0x0000000709400000|  0%| F|  |TAMS 0x0000000709200000| PB 0x0000000709200000| Untracked 
|  53|0x0000000709400000, 0x0000000709400000, 0x0000000709600000|  0%| F|  |TAMS 0x0000000709400000| PB 0x0000000709400000| Untracked 
|  54|0x0000000709600000, 0x0000000709600000, 0x0000000709800000|  0%| F|  |TAMS 0x0000000709600000| PB 0x0000000709600000| Untracked 
|  55|0x0000000709800000, 0x0000000709800000, 0x0000000709a00000|  0%| F|  |TAMS 0x0000000709800000| PB 0x0000000709800000| Untracked 
|  56|0x0000000709a00000, 0x0000000709a00000, 0x0000000709c00000|  0%| F|  |TAMS 0x0000000709a00000| PB 0x0000000709a00000| Untracked 
|  57|0x0000000709c00000, 0x0000000709c00000, 0x0000000709e00000|  0%| F|  |TAMS 0x0000000709c00000| PB 0x0000000709c00000| Untracked 
|  58|0x0000000709e00000, 0x0000000709e00000, 0x000000070a000000|  0%| F|  |TAMS 0x0000000709e00000| PB 0x0000000709e00000| Untracked 
|  59|0x000000070a000000, 0x000000070a000000, 0x000000070a200000|  0%| F|  |TAMS 0x000000070a000000| PB 0x000000070a000000| Untracked 
|  60|0x000000070a200000, 0x000000070a200000, 0x000000070a400000|  0%| F|  |TAMS 0x000000070a200000| PB 0x000000070a200000| Untracked 
|  61|0x000000070a400000, 0x000000070a400000, 0x000000070a600000|  0%| F|  |TAMS 0x000000070a400000| PB 0x000000070a400000| Untracked 
|  62|0x000000070a600000, 0x000000070a600000, 0x000000070a800000|  0%| F|  |TAMS 0x000000070a600000| PB 0x000000070a600000| Untracked 
|  63|0x000000070a800000, 0x000000070a800000, 0x000000070aa00000|  0%| F|  |TAMS 0x000000070a800000| PB 0x000000070a800000| Untracked 
|  64|0x000000070aa00000, 0x000000070aa00000, 0x000000070ac00000|  0%| F|  |TAMS 0x000000070aa00000| PB 0x000000070aa00000| Untracked 
|  65|0x000000070ac00000, 0x000000070ac00000, 0x000000070ae00000|  0%| F|  |TAMS 0x000000070ac00000| PB 0x000000070ac00000| Untracked 
|  66|0x000000070ae00000, 0x000000070ae00000, 0x000000070b000000|  0%| F|  |TAMS 0x000000070ae00000| PB 0x000000070ae00000| Untracked 
|  67|0x000000070b000000, 0x000000070b000000, 0x000000070b200000|  0%| F|  |TAMS 0x000000070b000000| PB 0x000000070b000000| Untracked 
|  68|0x000000070b200000, 0x000000070b200000, 0x000000070b400000|  0%| F|  |TAMS 0x000000070b200000| PB 0x000000070b200000| Untracked 
|  69|0x000000070b400000, 0x000000070b400000, 0x000000070b600000|  0%| F|  |TAMS 0x000000070b400000| PB 0x000000070b400000| Untracked 
|  70|0x000000070b600000, 0x000000070b600000, 0x000000070b800000|  0%| F|  |TAMS 0x000000070b600000| PB 0x000000070b600000| Untracked 
|  71|0x000000070b800000, 0x000000070b800000, 0x000000070ba00000|  0%| F|  |TAMS 0x000000070b800000| PB 0x000000070b800000| Untracked 
|  72|0x000000070ba00000, 0x000000070ba00000, 0x000000070bc00000|  0%| F|  |TAMS 0x000000070ba00000| PB 0x000000070ba00000| Untracked 
|  73|0x000000070bc00000, 0x000000070bc00000, 0x000000070be00000|  0%| F|  |TAMS 0x000000070bc00000| PB 0x000000070bc00000| Untracked 
|  74|0x000000070be00000, 0x000000070be00000, 0x000000070c000000|  0%| F|  |TAMS 0x000000070be00000| PB 0x000000070be00000| Untracked 
|  75|0x000000070c000000, 0x000000070c000000, 0x000000070c200000|  0%| F|  |TAMS 0x000000070c000000| PB 0x000000070c000000| Untracked 
|  76|0x000000070c200000, 0x000000070c200000, 0x000000070c400000|  0%| F|  |TAMS 0x000000070c200000| PB 0x000000070c200000| Untracked 
|  77|0x000000070c400000, 0x000000070c400000, 0x000000070c600000|  0%| F|  |TAMS 0x000000070c400000| PB 0x000000070c400000| Untracked 
|  78|0x000000070c600000, 0x000000070c600000, 0x000000070c800000|  0%| F|  |TAMS 0x000000070c600000| PB 0x000000070c600000| Untracked 
|  79|0x000000070c800000, 0x000000070c800000, 0x000000070ca00000|  0%| F|  |TAMS 0x000000070c800000| PB 0x000000070c800000| Untracked 
|  80|0x000000070ca00000, 0x000000070ca00000, 0x000000070cc00000|  0%| F|  |TAMS 0x000000070ca00000| PB 0x000000070ca00000| Untracked 
|  81|0x000000070cc00000, 0x000000070cc00000, 0x000000070ce00000|  0%| F|  |TAMS 0x000000070cc00000| PB 0x000000070cc00000| Untracked 
|  82|0x000000070ce00000, 0x000000070ce00000, 0x000000070d000000|  0%| F|  |TAMS 0x000000070ce00000| PB 0x000000070ce00000| Untracked 
|  83|0x000000070d000000, 0x000000070d000000, 0x000000070d200000|  0%| F|  |TAMS 0x000000070d000000| PB 0x000000070d000000| Untracked 
|  84|0x000000070d200000, 0x000000070d200000, 0x000000070d400000|  0%| F|  |TAMS 0x000000070d200000| PB 0x000000070d200000| Untracked 
|  85|0x000000070d400000, 0x000000070d400000, 0x000000070d600000|  0%| F|  |TAMS 0x000000070d400000| PB 0x000000070d400000| Untracked 
|  86|0x000000070d600000, 0x000000070d600000, 0x000000070d800000|  0%| F|  |TAMS 0x000000070d600000| PB 0x000000070d600000| Untracked 
|  87|0x000000070d800000, 0x000000070d800000, 0x000000070da00000|  0%| F|  |TAMS 0x000000070d800000| PB 0x000000070d800000| Untracked 
|  88|0x000000070da00000, 0x000000070da00000, 0x000000070dc00000|  0%| F|  |TAMS 0x000000070da00000| PB 0x000000070da00000| Untracked 
|  89|0x000000070dc00000, 0x000000070dc00000, 0x000000070de00000|  0%| F|  |TAMS 0x000000070dc00000| PB 0x000000070dc00000| Untracked 
|  90|0x000000070de00000, 0x000000070de00000, 0x000000070e000000|  0%| F|  |TAMS 0x000000070de00000| PB 0x000000070de00000| Untracked 
|  91|0x000000070e000000, 0x000000070e000000, 0x000000070e200000|  0%| F|  |TAMS 0x000000070e000000| PB 0x000000070e000000| Untracked 
|  92|0x000000070e200000, 0x000000070e200000, 0x000000070e400000|  0%| F|  |TAMS 0x000000070e200000| PB 0x000000070e200000| Untracked 
|  93|0x000000070e400000, 0x000000070e400000, 0x000000070e600000|  0%| F|  |TAMS 0x000000070e400000| PB 0x000000070e400000| Untracked 
|  94|0x000000070e600000, 0x000000070e600000, 0x000000070e800000|  0%| F|  |TAMS 0x000000070e600000| PB 0x000000070e600000| Untracked 
|  95|0x000000070e800000, 0x000000070e800000, 0x000000070ea00000|  0%| F|  |TAMS 0x000000070e800000| PB 0x000000070e800000| Untracked 
|  96|0x000000070ea00000, 0x000000070ea00000, 0x000000070ec00000|  0%| F|  |TAMS 0x000000070ea00000| PB 0x000000070ea00000| Untracked 
|  97|0x000000070ec00000, 0x000000070ec00000, 0x000000070ee00000|  0%| F|  |TAMS 0x000000070ec00000| PB 0x000000070ec00000| Untracked 
|  98|0x000000070ee00000, 0x000000070ee00000, 0x000000070f000000|  0%| F|  |TAMS 0x000000070ee00000| PB 0x000000070ee00000| Untracked 
|  99|0x000000070f000000, 0x000000070f000000, 0x000000070f200000|  0%| F|  |TAMS 0x000000070f000000| PB 0x000000070f000000| Untracked 
| 100|0x000000070f200000, 0x000000070f200000, 0x000000070f400000|  0%| F|  |TAMS 0x000000070f200000| PB 0x000000070f200000| Untracked 
| 101|0x000000070f400000, 0x000000070f400000, 0x000000070f600000|  0%| F|  |TAMS 0x000000070f400000| PB 0x000000070f400000| Untracked 
| 102|0x000000070f600000, 0x000000070f600000, 0x000000070f800000|  0%| F|  |TAMS 0x000000070f600000| PB 0x000000070f600000| Untracked 
| 103|0x000000070f800000, 0x000000070f800000, 0x000000070fa00000|  0%| F|  |TAMS 0x000000070f800000| PB 0x000000070f800000| Untracked 
| 104|0x000000070fa00000, 0x000000070fa00000, 0x000000070fc00000|  0%| F|  |TAMS 0x000000070fa00000| PB 0x000000070fa00000| Untracked 
| 105|0x000000070fc00000, 0x000000070fc00000, 0x000000070fe00000|  0%| F|  |TAMS 0x000000070fc00000| PB 0x000000070fc00000| Untracked 
| 106|0x000000070fe00000, 0x000000070fe00000, 0x0000000710000000|  0%| F|  |TAMS 0x000000070fe00000| PB 0x000000070fe00000| Untracked 
| 107|0x0000000710000000, 0x0000000710000000, 0x0000000710200000|  0%| F|  |TAMS 0x0000000710000000| PB 0x0000000710000000| Untracked 
| 108|0x0000000710200000, 0x0000000710200000, 0x0000000710400000|  0%| F|  |TAMS 0x0000000710200000| PB 0x0000000710200000| Untracked 
| 109|0x0000000710400000, 0x0000000710400000, 0x0000000710600000|  0%| F|  |TAMS 0x0000000710400000| PB 0x0000000710400000| Untracked 
| 110|0x0000000710600000, 0x0000000710600000, 0x0000000710800000|  0%| F|  |TAMS 0x0000000710600000| PB 0x0000000710600000| Untracked 
| 111|0x0000000710800000, 0x0000000710800000, 0x0000000710a00000|  0%| F|  |TAMS 0x0000000710800000| PB 0x0000000710800000| Untracked 
| 112|0x0000000710a00000, 0x0000000710aad708, 0x0000000710c00000| 33%| E|  |TAMS 0x0000000710a00000| PB 0x0000000710a00000| Complete 
| 113|0x0000000710c00000, 0x0000000710e00000, 0x0000000710e00000|100%| E|CS|TAMS 0x0000000710c00000| PB 0x0000000710c00000| Complete 
| 114|0x0000000710e00000, 0x0000000711000000, 0x0000000711000000|100%| S|CS|TAMS 0x0000000710e00000| PB 0x0000000710e00000| Complete 
| 115|0x0000000711000000, 0x0000000711200000, 0x0000000711200000|100%| S|CS|TAMS 0x0000000711000000| PB 0x0000000711000000| Complete 
| 116|0x0000000711200000, 0x0000000711400000, 0x0000000711400000|100%| E|CS|TAMS 0x0000000711200000| PB 0x0000000711200000| Complete 
| 117|0x0000000711400000, 0x0000000711600000, 0x0000000711600000|100%| E|CS|TAMS 0x0000000711400000| PB 0x0000000711400000| Complete 
| 118|0x0000000711600000, 0x0000000711800000, 0x0000000711800000|100%| E|CS|TAMS 0x0000000711600000| PB 0x0000000711600000| Complete 
| 119|0x0000000711800000, 0x0000000711a00000, 0x0000000711a00000|100%| E|CS|TAMS 0x0000000711800000| PB 0x0000000711800000| Complete 
| 120|0x0000000711a00000, 0x0000000711c00000, 0x0000000711c00000|100%| E|CS|TAMS 0x0000000711a00000| PB 0x0000000711a00000| Complete 
| 121|0x0000000711c00000, 0x0000000711e00000, 0x0000000711e00000|100%| E|CS|TAMS 0x0000000711c00000| PB 0x0000000711c00000| Complete 
| 122|0x0000000711e00000, 0x0000000712000000, 0x0000000712000000|100%| E|CS|TAMS 0x0000000711e00000| PB 0x0000000711e00000| Complete 
| 123|0x0000000712000000, 0x0000000712200000, 0x0000000712200000|100%| E|CS|TAMS 0x0000000712000000| PB 0x0000000712000000| Complete 
| 124|0x0000000712200000, 0x0000000712400000, 0x0000000712400000|100%| E|  |TAMS 0x0000000712200000| PB 0x0000000712200000| Complete 
| 125|0x0000000712400000, 0x0000000712600000, 0x0000000712600000|100%| E|CS|TAMS 0x0000000712400000| PB 0x0000000712400000| Complete 
| 126|0x0000000712600000, 0x0000000712800000, 0x0000000712800000|100%| E|CS|TAMS 0x0000000712600000| PB 0x0000000712600000| Complete 

Card table byte_map: [0x00000182233c0000,0x0000018223bb0000] _byte_map_base: 0x000001821fbab000

Marking Bits: (CMBitMap*) 0x000001820934faf0
 Bits: [0x0000018223bb0000, 0x0000018227b08000)

Polling page: 0x00000182093b0000

Metaspace:

Usage:
  Non-class:     10.79 MB used.
      Class:      1.39 MB used.
       Both:     12.19 MB used.

Virtual space:
  Non-class space:       64.00 MB reserved,      10.94 MB ( 17%) committed,  1 nodes.
      Class space:        1.00 GB reserved,       1.50 MB ( <1%) committed,  1 nodes.
             Both:        1.06 GB reserved,      12.44 MB (  1%) committed. 

Chunk freelists:
   Non-Class:  4.69 MB
       Class:  14.38 MB
        Both:  19.06 MB

MaxMetaspaceSize: unlimited
CompressedClassSpaceSize: 1.00 GB
Initial GC threshold: 21.00 MB
Current GC threshold: 21.00 MB
CDS: on
 - commit_granule_bytes: 65536.
 - commit_granule_words: 8192.
 - virtual_space_node_default_size: 8388608.
 - enlarge_chunks_in_place: 1.
 - use_allocation_guard: 0.


Internal statistics:

num_allocs_failed_limit: 0.
num_arena_births: 338.
num_arena_deaths: 0.
num_vsnodes_births: 2.
num_vsnodes_deaths: 0.
num_space_committed: 199.
num_space_uncommitted: 0.
num_chunks_returned_to_freelist: 0.
num_chunks_taken_from_freelist: 772.
num_chunk_merges: 0.
num_chunk_splits: 498.
num_chunks_enlarged: 298.
num_inconsistent_stats: 0.

CodeHeap 'non-profiled nmethods': size=120000Kb used=687Kb max_used=687Kb free=119312Kb
 bounds [0x000001821aa20000, 0x000001821ac90000, 0x0000018221f50000]
CodeHeap 'profiled nmethods': size=120000Kb used=3252Kb max_used=3252Kb free=116747Kb
 bounds [0x0000018212f50000, 0x0000018213280000, 0x000001821a480000]
CodeHeap 'non-nmethods': size=5760Kb used=1434Kb max_used=1458Kb free=4325Kb
 bounds [0x000001821a480000, 0x000001821a6f0000, 0x000001821aa20000]
 total_blobs=2316 nmethods=1795 adapters=425
 compilation: enabled
              stopped_count=0, restarted_count=0
 full_count=0

Compilation events (20 events):
Event: 0.738 Thread 0x000001822a2e0a60 1713       3       java.util.concurrent.atomic.AtomicLongArray::get (12 bytes)
Event: 0.738 Thread 0x000001822a2e0a60 nmethod 1713 0x0000018213256190 code [0x0000018213256360, 0x0000018213256818]
Event: 0.738 Thread 0x000001822a2e0a60 1714       3       java.lang.invoke.VarHandleLongs$Array::getVolatile (42 bytes)
Event: 0.738 Thread 0x000001822a2e0a60 nmethod 1714 0x0000018213256a10 code [0x0000018213256bc0, 0x0000018213256f10]
Event: 0.738 Thread 0x000001822a2e0a60 1717       1       io.cucumber.core.internal.com.fasterxml.jackson.databind.util.internal.PrivateMaxEntriesMap$Node::getPrevious (5 bytes)
Event: 0.738 Thread 0x000001822a2e0a60 nmethod 1717 0x000001821aac0610 code [0x000001821aac07a0, 0x000001821aac0870]
Event: 0.738 Thread 0x000001822a2e0a60 1715       1       io.cucumber.core.internal.com.fasterxml.jackson.databind.type.SimpleType::isContainerType (2 bytes)
Event: 0.738 Thread 0x000001822a2e0a60 nmethod 1715 0x000001821aac0910 code [0x000001821aac0aa0, 0x000001821aac0b68]
Event: 0.738 Thread 0x000001822a2e0a60 1718       1       io.cucumber.core.internal.com.fasterxml.jackson.databind.JavaType::getReferencedType (2 bytes)
Event: 0.738 Thread 0x000001822a2e0a60 nmethod 1718 0x000001821aac0c10 code [0x000001821aac0da0, 0x000001821aac0e70]
Event: 0.738 Thread 0x000001822a2e0a60 1716       1       io.cucumber.core.internal.com.fasterxml.jackson.databind.type.TypeBase::getBindings (5 bytes)
Event: 0.738 Thread 0x000001822a2e0a60 nmethod 1716 0x000001821aac0f10 code [0x000001821aac10a0, 0x000001821aac1170]
Event: 0.738 Thread 0x000001822a2e0a60 1720       1       java.lang.Thread::threadId (5 bytes)
Event: 0.739 Thread 0x000001822a2e0a60 nmethod 1720 0x000001821aac1210 code [0x000001821aac13a0, 0x000001821aac1468]
Event: 0.739 Thread 0x000001822a2e0a60 1723       1       io.cucumber.core.internal.com.fasterxml.jackson.databind.cfg.BaseSettings::getAnnotationIntrospector (5 bytes)
Event: 0.739 Thread 0x000001822a2e0a60 nmethod 1723 0x000001821aac1510 code [0x000001821aac16a0, 0x000001821aac1770]
Event: 0.739 Thread 0x000001822a2e0a60 1721       1       java.util.Collections$EmptyIterator::hasNext (2 bytes)
Event: 0.739 Thread 0x000001822a2e0a60 nmethod 1721 0x000001821aac1810 code [0x000001821aac19a0, 0x000001821aac1a68]
Event: 0.739 Thread 0x000001822a2e0a60 1722       1       io.cucumber.core.internal.com.fasterxml.jackson.databind.util.internal.PrivateMaxEntriesMap$Node::getNext (5 bytes)
Event: 0.739 Thread 0x000001822a2e0a60 nmethod 1722 0x000001821aac1b10 code [0x000001821aac1ca0, 0x000001821aac1d70]

GC Heap History (2 events):
Event: 0.452 GC heap before
{Heap before GC invocations=0 (full 0):
 garbage-first heap   total 260096K, used 22528K [0x0000000702a00000, 0x0000000800000000)
  region size 2048K, 11 young (22528K), 0 survivors (0K)
 Metaspace       used 6043K, committed 6400K, reserved 1114112K
  class space    used 657K, committed 832K, reserved 1048576K
}
Event: 0.455 GC heap after
{Heap after GC invocations=1 (full 0):
 garbage-first heap   total 260096K, used 5845K [0x0000000702a00000, 0x0000000800000000)
  region size 2048K, 2 young (4096K), 2 survivors (4096K)
 Metaspace       used 6043K, committed 6400K, reserved 1114112K
  class space    used 657K, committed 832K, reserved 1048576K
}

Dll operation events (8 events):
Event: 0.006 Loaded shared library C:\Automation\Java SDK\bin\java.dll
Event: 0.026 Loaded shared library C:\Automation\Java SDK\bin\jsvml.dll
Event: 0.037 Loaded shared library C:\Automation\Java SDK\bin\net.dll
Event: 0.038 Loaded shared library C:\Automation\Java SDK\bin\nio.dll
Event: 0.040 Loaded shared library C:\Automation\Java SDK\bin\zip.dll
Event: 0.085 Loaded shared library C:\Automation\Java SDK\bin\management.dll
Event: 0.089 Loaded shared library C:\Automation\Java SDK\bin\management_ext.dll
Event: 0.101 Loaded shared library C:\Automation\Java SDK\bin\jimage.dll

Deoptimization events (20 events):
Event: 0.639 Thread 0x000001820915f320 DEOPT PACKING pc=0x000001821aa5dc6c sp=0x00000032833fcfd0
Event: 0.639 Thread 0x000001820915f320 DEOPT UNPACKING pc=0x000001821a4d46a2 sp=0x00000032833fcf30 mode 2
Event: 0.648 Thread 0x000001820915f320 Uncommon trap: trap_request=0xffffff45 fr.pc=0x000001821aa3b654 relative=0x0000000000000054
Event: 0.648 Thread 0x000001820915f320 Uncommon trap: reason=unstable_if action=reinterpret pc=0x000001821aa3b654 method=sun.nio.fs.WindowsPathParser.isSlash(C)Z @ 9 c2
Event: 0.648 Thread 0x000001820915f320 DEOPT PACKING pc=0x000001821aa3b654 sp=0x00000032833fd970
Event: 0.648 Thread 0x000001820915f320 DEOPT UNPACKING pc=0x000001821a4d46a2 sp=0x00000032833fd8f8 mode 2
Event: 0.661 Thread 0x000001820915f320 Uncommon trap: trap_request=0xffffffde fr.pc=0x000001821aa4afe4 relative=0x0000000000000304
Event: 0.661 Thread 0x000001820915f320 Uncommon trap: reason=class_check action=maybe_recompile pc=0x000001821aa4afe4 method=java.util.regex.Pattern$BmpCharPropertyGreedy.match(Ljava/util/regex/Matcher;ILjava/lang/CharSequence;)Z @ 26 c2
Event: 0.661 Thread 0x000001820915f320 DEOPT PACKING pc=0x000001821aa4afe4 sp=0x00000032833fd510
Event: 0.661 Thread 0x000001820915f320 DEOPT UNPACKING pc=0x000001821a4d46a2 sp=0x00000032833fd4c8 mode 2
Event: 0.661 Thread 0x000001820915f320 Uncommon trap: trap_request=0xffffffde fr.pc=0x000001821aa4afe4 relative=0x0000000000000304
Event: 0.661 Thread 0x000001820915f320 Uncommon trap: reason=class_check action=maybe_recompile pc=0x000001821aa4afe4 method=java.util.regex.Pattern$BmpCharPropertyGreedy.match(Ljava/util/regex/Matcher;ILjava/lang/CharSequence;)Z @ 26 c2
Event: 0.661 Thread 0x000001820915f320 DEOPT PACKING pc=0x000001821aa4afe4 sp=0x00000032833fd510
Event: 0.661 Thread 0x000001820915f320 DEOPT UNPACKING pc=0x000001821a4d46a2 sp=0x00000032833fd4c8 mode 2
Event: 0.694 Thread 0x000001820915f320 Uncommon trap: trap_request=0xffffff6e fr.pc=0x000001821aa5872c relative=0x000000000000046c
Event: 0.694 Thread 0x000001820915f320 Uncommon trap: reason=loop_limit_check action=maybe_recompile pc=0x000001821aa5872c method=java.lang.StringLatin1.indexOf([BI[BII)I @ 37 c2
Event: 0.694 Thread 0x000001820915f320 DEOPT PACKING pc=0x000001821aa5872c sp=0x00000032833fd820
Event: 0.694 Thread 0x000001820915f320 DEOPT UNPACKING pc=0x000001821a4d46a2 sp=0x00000032833fd780 mode 2
Event: 0.709 Thread 0x000001820915f320 DEOPT PACKING pc=0x000001821305bf88 sp=0x00000032833fc450
Event: 0.709 Thread 0x000001820915f320 DEOPT UNPACKING pc=0x000001821a4d4e42 sp=0x00000032833fb8d8 mode 0

Classes loaded (20 events):
Event: 0.725 Loading class sun/reflect/generics/repository/MethodRepository
Event: 0.725 Loading class sun/reflect/generics/repository/ConstructorRepository
Event: 0.726 Loading class sun/reflect/generics/repository/ConstructorRepository done
Event: 0.726 Loading class sun/reflect/generics/repository/MethodRepository done
Event: 0.726 Loading class sun/reflect/generics/tree/MethodTypeSignature
Event: 0.726 Loading class sun/reflect/generics/tree/MethodTypeSignature done
Event: 0.726 Loading class sun/reflect/generics/reflectiveObjects/ParameterizedTypeImpl
Event: 0.726 Loading class java/lang/reflect/ParameterizedType
Event: 0.726 Loading class java/lang/reflect/ParameterizedType done
Event: 0.726 Loading class sun/reflect/generics/reflectiveObjects/ParameterizedTypeImpl done
Event: 0.726 Loading class sun/reflect/generics/reflectiveObjects/TypeVariableImpl
Event: 0.726 Loading class sun/reflect/generics/reflectiveObjects/LazyReflectiveObjectGenerator
Event: 0.726 Loading class sun/reflect/generics/reflectiveObjects/LazyReflectiveObjectGenerator done
Event: 0.726 Loading class sun/reflect/generics/reflectiveObjects/TypeVariableImpl done
Event: 0.726 Loading class sun/reflect/generics/tree/TypeVariableSignature
Event: 0.726 Loading class sun/reflect/generics/tree/TypeVariableSignature done
Event: 0.727 Loading class jdk/internal/ValueBased
Event: 0.727 Loading class jdk/internal/ValueBased done
Event: 0.729 Loading class java/lang/annotation/ElementType
Event: 0.729 Loading class java/lang/annotation/ElementType done

Classes unloaded (0 events):
No events

Classes redefined (0 events):
No events

Internal exceptions (20 events):
Event: 0.420 Thread 0x000001820915f320 Exception <a 'java/lang/NoSuchMethodError'{0x00000007112439c0}: 'java.lang.Object java.lang.invoke.DirectMethodHandle$Holder.newInvokeSpecial(java.lang.Object, int, java.lang.Object)'> (0x00000007112439c0) 
thrown [s\open\src\hotspot\share\interpreter\linkResolver.cpp, line 773]
Event: 0.426 Thread 0x000001820915f320 Exception <a 'java/lang/NoSuchMethodError'{0x0000000711288d58}: 'java.lang.Object java.lang.invoke.DirectMethodHandle$Holder.invokeStatic(java.lang.Object, java.lang.Object, java.lang.Object, int, java.lang.Object, java.lang.Object)'> (0x0000000711288d58) 
thrown [s\open\src\hotspot\share\interpreter\linkResolver.cpp, line 773]
Event: 0.426 Thread 0x000001820915f320 Exception <a 'java/lang/NoSuchMethodError'{0x0000000711290118}: 'java.lang.Object java.lang.invoke.DirectMethodHandle$Holder.newInvokeSpecial(java.lang.Object, java.lang.Object, java.lang.Object, int, java.lang.Object)'> (0x0000000711290118) 
thrown [s\open\src\hotspot\share\interpreter\linkResolver.cpp, line 773]
Event: 0.427 Thread 0x000001820915f320 Exception <a 'java/lang/NoSuchMethodError'{0x00000007112975f0}: 'java.lang.Object java.lang.invoke.Invokers$Holder.linkToTargetMethod(java.lang.Object, java.lang.Object, int, java.lang.Object, java.lang.Object)'> (0x00000007112975f0) 
thrown [s\open\src\hotspot\share\interpreter\linkResolver.cpp, line 773]
Event: 0.435 Thread 0x000001820915f320 Exception <a 'java/lang/NoSuchMethodError'{0x00000007113091a8}: 'void java.lang.invoke.DirectMethodHandle$Holder.invokeStatic(java.lang.Object, java.lang.Object, java.lang.Object)'> (0x00000007113091a8) 
thrown [s\open\src\hotspot\share\interpreter\linkResolver.cpp, line 773]
Event: 0.456 Thread 0x000001820915f320 Exception <a 'java/lang/NoSuchMethodError'{0x0000000712608088}: 'void java.lang.invoke.DirectMethodHandle$Holder.invokeInterface(java.lang.Object, java.lang.Object)'> (0x0000000712608088) 
thrown [s\open\src\hotspot\share\interpreter\linkResolver.cpp, line 773]
Event: 0.459 Thread 0x000001820915f320 Exception <a 'java/lang/IncompatibleClassChangeError'{0x0000000712634a28}: Found class java.lang.Object, but interface was expected> (0x0000000712634a28) 
thrown [s\open\src\hotspot\share\interpreter\linkResolver.cpp, line 840]
Event: 0.460 Thread 0x000001820915f320 Exception <a 'java/lang/NoSuchMethodError'{0x00000007126375c0}: 'int java.lang.invoke.DirectMethodHandle$Holder.invokeSpecial(java.lang.Object, java.lang.Object, java.lang.Object, java.lang.Object, java.lang.Object)'> (0x00000007126375c0) 
thrown [s\open\src\hotspot\share\interpreter\linkResolver.cpp, line 773]
Event: 0.468 Thread 0x000001820915f320 Exception <a 'java/lang/NoSuchMethodError'{0x0000000712751480}: 'java.lang.Object java.lang.invoke.DirectMethodHandle$Holder.invokeVirtual(java.lang.Object, java.lang.Object, java.lang.Object)'> (0x0000000712751480) 
thrown [s\open\src\hotspot\share\interpreter\linkResolver.cpp, line 773]
Event: 0.476 Thread 0x000001820915f320 Exception <a 'java/lang/NoSuchMethodError'{0x00000007127ad220}: 'java.lang.Object java.lang.invoke.DirectMethodHandle$Holder.invokeInterface(java.lang.Object, java.lang.Object, java.lang.Object)'> (0x00000007127ad220) 
thrown [s\open\src\hotspot\share\interpreter\linkResolver.cpp, line 773]
Event: 0.478 Thread 0x000001820915f320 Exception <a 'java/lang/NoSuchMethodError'{0x00000007127c5990}: 'java.lang.Object java.lang.invoke.DirectMethodHandle$Holder.invokeSpecialIFC(java.lang.Object, java.lang.Object, java.lang.Object, java.lang.Object)'> (0x00000007127c5990) 
thrown [s\open\src\hotspot\share\interpreter\linkResolver.cpp, line 773]
Event: 0.626 Thread 0x000001820915f320 Exception <a 'java/lang/NoSuchMethodError'{0x00000007117af3e0}: 'void java.lang.invoke.DirectMethodHandle$Holder.invokeVirtual(java.lang.Object, java.lang.Object, java.lang.Object, java.lang.Object)'> (0x00000007117af3e0) 
thrown [s\open\src\hotspot\share\interpreter\linkResolver.cpp, line 773]
Event: 0.628 Thread 0x000001820915f320 Exception <a 'sun/nio/fs/WindowsException'{0x00000007117cc8d8}> (0x00000007117cc8d8) 
thrown [s\open\src\hotspot\share\prims\jni.cpp, line 520]
Event: 0.632 Thread 0x000001820915f320 Exception <a 'java/lang/NoSuchMethodError'{0x00000007117f9ee8}: 'java.lang.ClassLoader java.lang.Class.getClassLoader(java.lang.Class)'> (0x00000007117f9ee8) 
thrown [s\open\src\hotspot\share\interpreter\linkResolver.cpp, line 773]
Event: 0.633 Thread 0x000001820915f320 Exception <a 'java/lang/NoSuchMethodError'{0x00000007117fe7c0}: 'java.lang.Object java.lang.invoke.DirectMethodHandle$Holder.invokeStatic(java.lang.Object, java.lang.Object, int)'> (0x00000007117fe7c0) 
thrown [s\open\src\hotspot\share\interpreter\linkResolver.cpp, line 773]
Event: 0.633 Thread 0x000001820915f320 Exception <a 'java/lang/NoSuchMethodError'{0x0000000711409130}: 'void java.lang.invoke.DelegatingMethodHandle$Holder.delegate(java.lang.Object, java.lang.Object, int, java.lang.Object)'> (0x0000000711409130) 
thrown [s\open\src\hotspot\share\interpreter\linkResolver.cpp, line 773]
Event: 0.647 Thread 0x000001820915f320 Exception <a 'java/lang/NoSuchMethodError'{0x00000007114b7bb8}: 'java.lang.Object java.lang.invoke.DirectMethodHandle$Holder.newInvokeSpecial(java.lang.Object, java.lang.Object, java.lang.Object, java.lang.Object, java.lang.Object, java.lang.Object)'> (0x00000007114b7bb8) 
thrown [s\open\src\hotspot\share\interpreter\linkResolver.cpp, line 773]
Event: 0.648 Thread 0x000001820915f320 Exception <a 'java/lang/NoSuchMethodError'{0x00000007114c6dd0}: 'void java.lang.invoke.DirectMethodHandle$Holder.invokeStaticInit(java.lang.Object)'> (0x00000007114c6dd0) 
thrown [s\open\src\hotspot\share\interpreter\linkResolver.cpp, line 773]
Event: 0.650 Thread 0x000001820915f320 Exception <a 'java/lang/NoSuchMethodError'{0x00000007114dd570}: 'java.lang.Object java.lang.invoke.DirectMethodHandle$Holder.invokeSpecialIFC(java.lang.Object, java.lang.Object, java.lang.Object, java.lang.Object, java.lang.Object)'> (0x00000007114dd570) 
thrown [s\open\src\hotspot\share\interpreter\linkResolver.cpp, line 773]
Event: 0.700 Thread 0x000001820915f320 Exception <a 'java/lang/NoSuchMethodError'{0x00000007113c7bb0}: 'void java.lang.invoke.DirectMethodHandle$Holder.invokeSpecial(java.lang.Object, java.lang.Object, java.lang.Object, java.lang.Object, java.lang.Object)'> (0x00000007113c7bb0) 
thrown [s\open\src\hotspot\share\interpreter\linkResolver.cpp, line 773]

ZGC Phase Switch (0 events):
No events

VM Operations (18 events):
Event: 0.041 Executing VM operation: HandshakeAllThreads (Deoptimize)
Event: 0.041 Executing VM operation: HandshakeAllThreads (Deoptimize) done
Event: 0.274 Executing VM operation: HandshakeAllThreads (Deoptimize)
Event: 0.274 Executing VM operation: HandshakeAllThreads (Deoptimize) done
Event: 0.424 Executing VM operation: ICBufferFull
Event: 0.425 Executing VM operation: ICBufferFull done
Event: 0.452 Executing VM operation: G1CollectForAllocation (G1 Evacuation Pause)
Event: 0.455 Executing VM operation: G1CollectForAllocation (G1 Evacuation Pause) done
Event: 0.465 Executing VM operation: HandshakeAllThreads (Deoptimize)
Event: 0.465 Executing VM operation: HandshakeAllThreads (Deoptimize) done
Event: 0.498 Executing VM operation: HandshakeAllThreads (Deoptimize)
Event: 0.498 Executing VM operation: HandshakeAllThreads (Deoptimize) done
Event: 0.633 Executing VM operation: HandshakeAllThreads (Deoptimize)
Event: 0.633 Executing VM operation: HandshakeAllThreads (Deoptimize) done
Event: 0.693 Executing VM operation: HandshakeAllThreads (Deoptimize)
Event: 0.693 Executing VM operation: HandshakeAllThreads (Deoptimize) done
Event: 0.711 Executing VM operation: HandshakeAllThreads (Deoptimize)
Event: 0.711 Executing VM operation: HandshakeAllThreads (Deoptimize) done

Events (14 events):
Event: 0.016 Thread 0x000001820915f320 Thread added: 0x000001820915f320
Event: 0.025 Thread 0x000001822a2d73e0 Thread added: 0x000001822a2d73e0
Event: 0.025 Thread 0x000001822a2d82f0 Thread added: 0x000001822a2d82f0
Event: 0.025 Thread 0x000001822a2dbec0 Thread added: 0x000001822a2dbec0
Event: 0.025 Thread 0x000001822a2dda50 Thread added: 0x000001822a2dda50
Event: 0.025 Thread 0x000001822a2de4a0 Thread added: 0x000001822a2de4a0
Event: 0.025 Thread 0x000001822a2deef0 Thread added: 0x000001822a2deef0
Event: 0.025 Thread 0x000001822a2dffd0 Thread added: 0x000001822a2dffd0
Event: 0.025 Thread 0x000001822a2e0a60 Thread added: 0x000001822a2e0a60
Event: 0.034 Thread 0x000001822aa9cb70 Thread added: 0x000001822aa9cb70
Event: 0.035 Thread 0x000001822aa9f3a0 Thread added: 0x000001822aa9f3a0
Event: 0.061 Thread 0x000001822aae7ec0 Thread added: 0x000001822aae7ec0
Event: 0.146 Thread 0x000001827008cda0 Thread added: 0x000001827008cda0
Event: 0.153 Thread 0x000001822acad250 Thread added: 0x000001822acad250


Dynamic libraries:
0x00007ff7ca670000 - 0x00007ff7ca680000 	C:\Automation\Java SDK\bin\java.exe
0x00007ff893290000 - 0x00007ff8934a7000 	C:\WINDOWS\SYSTEM32\ntdll.dll
0x00007ff891f10000 - 0x00007ff891fd4000 	C:\WINDOWS\System32\KERNEL32.DLL
0x00007ff890a50000 - 0x00007ff890e23000 	C:\WINDOWS\System32\KERNELBASE.dll
0x00007ff8905e0000 - 0x00007ff8906f1000 	C:\WINDOWS\System32\ucrtbase.dll
0x00007ff876e80000 - 0x00007ff876e99000 	C:\Automation\Java SDK\bin\jli.dll
0x00007ff87d000000 - 0x00007ff87d01b000 	C:\Automation\Java SDK\bin\VCRUNTIME140.dll
0x00007ff891ac0000 - 0x00007ff891b71000 	C:\WINDOWS\System32\ADVAPI32.dll
0x00007ff892530000 - 0x00007ff8925d7000 	C:\WINDOWS\System32\msvcrt.dll
0x00007ff8931a0000 - 0x00007ff893247000 	C:\WINDOWS\System32\sechost.dll
0x00007ff8903a0000 - 0x00007ff8903c8000 	C:\WINDOWS\System32\bcrypt.dll
0x00007ff890f30000 - 0x00007ff891044000 	C:\WINDOWS\System32\RPCRT4.dll
0x00007ff892fd0000 - 0x00007ff893181000 	C:\WINDOWS\System32\USER32.dll
0x00007ff8905b0000 - 0x00007ff8905d6000 	C:\WINDOWS\System32\win32u.dll
0x00007ff873c40000 - 0x00007ff873eda000 	C:\WINDOWS\WinSxS\amd64_microsoft.windows.common-controls_6595b64144ccf1df_6.0.22621.5015_none_270d78617387d696\COMCTL32.dll
0x00007ff891b80000 - 0x00007ff891ba9000 	C:\WINDOWS\System32\GDI32.dll
0x00007ff8903d0000 - 0x00007ff8904eb000 	C:\WINDOWS\System32\gdi32full.dll
0x00007ff890700000 - 0x00007ff89079a000 	C:\WINDOWS\System32\msvcp_win.dll
0x00007ff889710000 - 0x00007ff88971a000 	C:\WINDOWS\SYSTEM32\VERSION.dll
0x00007ff892700000 - 0x00007ff892731000 	C:\WINDOWS\System32\IMM32.DLL
0x00007ff88b270000 - 0x00007ff88b27c000 	C:\Automation\Java SDK\bin\vcruntime140_1.dll
0x00007ff875f30000 - 0x00007ff875fbe000 	C:\Automation\Java SDK\bin\msvcp140.dll
0x00007ff806a70000 - 0x00007ff807788000 	C:\Automation\Java SDK\bin\server\jvm.dll
0x00007ff891a40000 - 0x00007ff891ab1000 	C:\WINDOWS\System32\WS2_32.dll
0x00007ff88f380000 - 0x00007ff88f3cd000 	C:\WINDOWS\SYSTEM32\POWRPROF.dll
0x00007ff88a010000 - 0x00007ff88a044000 	C:\WINDOWS\SYSTEM32\WINMM.dll
0x00007ff88f360000 - 0x00007ff88f373000 	C:\WINDOWS\SYSTEM32\UMPDC.dll
0x00007ff88f4d0000 - 0x00007ff88f4e8000 	C:\WINDOWS\SYSTEM32\kernel.appcore.dll
0x00007ff87dd60000 - 0x00007ff87dd6a000 	C:\Automation\Java SDK\bin\jimage.dll
0x00007ff88dd60000 - 0x00007ff88df92000 	C:\WINDOWS\SYSTEM32\DBGHELP.DLL
0x00007ff892100000 - 0x00007ff892492000 	C:\WINDOWS\System32\combase.dll
0x00007ff891960000 - 0x00007ff891a37000 	C:\WINDOWS\System32\OLEAUT32.dll
0x00007ff8739c0000 - 0x00007ff8739f2000 	C:\WINDOWS\SYSTEM32\dbgcore.DLL
0x00007ff890eb0000 - 0x00007ff890f2b000 	C:\WINDOWS\System32\bcryptPrimitives.dll
0x00007ff87af70000 - 0x00007ff87af8f000 	C:\Automation\Java SDK\bin\java.dll
0x00007ff8910c0000 - 0x00007ff891956000 	C:\WINDOWS\System32\SHELL32.dll
0x00007ff8907a0000 - 0x00007ff8908df000 	C:\WINDOWS\System32\wintypes.dll
0x00007ff88e2e0000 - 0x00007ff88ebfb000 	C:\WINDOWS\SYSTEM32\windows.storage.dll
0x00007ff891fe0000 - 0x00007ff8920ea000 	C:\WINDOWS\System32\SHCORE.dll
0x00007ff891050000 - 0x00007ff8910b6000 	C:\WINDOWS\System32\shlwapi.dll
0x00007ff8902d0000 - 0x00007ff8902fb000 	C:\WINDOWS\SYSTEM32\profapi.dll
0x00007ff8699c0000 - 0x00007ff869a97000 	C:\Automation\Java SDK\bin\jsvml.dll
0x00007ff87d510000 - 0x00007ff87d520000 	C:\Automation\Java SDK\bin\net.dll
0x00007ff88b620000 - 0x00007ff88b74c000 	C:\WINDOWS\SYSTEM32\WINHTTP.dll
0x00007ff88f950000 - 0x00007ff88f9ba000 	C:\WINDOWS\system32\mswsock.dll
0x00007ff876f20000 - 0x00007ff876f36000 	C:\Automation\Java SDK\bin\nio.dll
0x00007ff876f00000 - 0x00007ff876f18000 	C:\Automation\Java SDK\bin\zip.dll
0x00007ff875d40000 - 0x00007ff875d4a000 	C:\Automation\Java SDK\bin\management.dll
0x00007ff873fe0000 - 0x00007ff873feb000 	C:\Automation\Java SDK\bin\management_ext.dll
0x00007ff8920f0000 - 0x00007ff8920f8000 	C:\WINDOWS\System32\PSAPI.DLL
0x00007ff88fbb0000 - 0x00007ff88fbcb000 	C:\WINDOWS\SYSTEM32\CRYPTSP.dll
0x00007ff88f430000 - 0x00007ff88f467000 	C:\WINDOWS\system32\rsaenh.dll
0x00007ff88fa40000 - 0x00007ff88fa68000 	C:\WINDOWS\SYSTEM32\USERENV.dll
0x00007ff88fba0000 - 0x00007ff88fbac000 	C:\WINDOWS\SYSTEM32\CRYPTBASE.dll
0x00007ff88ee60000 - 0x00007ff88ee8d000 	C:\WINDOWS\SYSTEM32\IPHLPAPI.DLL
0x00007ff892b40000 - 0x00007ff892b49000 	C:\WINDOWS\System32\NSI.dll

dbghelp: loaded successfully - version: 4.0.5 - missing functions: none
symbol engine: initialized successfully - sym options: 0x614 - pdb path: .;C:\Automation\Java SDK\bin;C:\WINDOWS\SYSTEM32;C:\WINDOWS\WinSxS\amd64_microsoft.windows.common-controls_6595b64144ccf1df_6.0.22621.5015_none_270d78617387d696;C:\Automation\Java SDK\bin\server

VM Arguments:
java_command: C:\Users\imsaa\AppData\Local\Temp\surefire1079699650395105799\surefirebooter-20250312042343317_3.jar C:\Users\imsaa\AppData\Local\Temp\surefire1079699650395105799 2025-03-12T04-23-43_207-jvmRun1 surefire-20250312042343317_1tmp surefire_0-20250312042343317_2tmp
java_class_path (initial): C:\Users\imsaa\AppData\Local\Temp\surefire1079699650395105799\surefirebooter-20250312042343317_3.jar
Launcher Type: SUN_STANDARD

[Global flags]
     intx CICompilerCount                          = 4                                         {product} {ergonomic}
     uint ConcGCThreads                            = 3                                         {product} {ergonomic}
     uint G1ConcRefinementThreads                  = 10                                        {product} {ergonomic}
   size_t G1HeapRegionSize                         = 2097152                                   {product} {ergonomic}
    uintx GCDrainStackTargetSize                   = 64                                        {product} {ergonomic}
   size_t InitialHeapSize                          = 266338304                                 {product} {ergonomic}
   size_t MarkStackSize                            = 4194304                                   {product} {ergonomic}
   size_t MaxHeapSize                              = 4250927104                                {product} {ergonomic}
   size_t MaxNewSize                               = 2550136832                                {product} {ergonomic}
   size_t MinHeapDeltaBytes                        = 2097152                                   {product} {ergonomic}
   size_t MinHeapSize                              = 8388608                                   {product} {ergonomic}
    uintx NonNMethodCodeHeapSize                   = 5839372                                {pd product} {ergonomic}
    uintx NonProfiledCodeHeapSize                  = 122909434                              {pd product} {ergonomic}
    uintx ProfiledCodeHeapSize                     = 122909434                              {pd product} {ergonomic}
    uintx ReservedCodeCacheSize                    = 251658240                              {pd product} {ergonomic}
     bool SegmentedCodeCache                       = true                                      {product} {ergonomic}
   size_t SoftMaxHeapSize                          = 4250927104                             {manageable} {ergonomic}
     bool UseCompressedOops                        = true                           {product lp64_product} {ergonomic}
     bool UseG1GC                                  = true                                      {product} {ergonomic}
     bool UseLargePagesIndividualAllocation        = false                                  {pd product} {ergonomic}

Logging:
Log output configuration:
 #0: stdout all=warning uptime,level,tags foldmultilines=false
 #1: stderr all=off uptime,level,tags foldmultilines=false

Environment Variables:
JAVA_HOME=C:\Automation\Java SDK
PATH=c:\Automation\cursor\resources\app\bin;C:\Program Files\Google\Chrome\Application;C:\Program Files\Common Files\Oracle\Java\javapath;C:\Windows\system32;C:\Windows;C:\Windows\System32\Wbem;C:\Windows\System32\WindowsPowerShell\v1.0\;C:\Windows\System32\OpenSSH\;C:\Program Files (x86)\NVIDIA Corporation\PhysX\Common;C:\WINDOWS\system32;C:\WINDOWS;C:\WINDOWS\System32\Wbem;C:\WINDOWS\System32\WindowsPowerShell\v1.0\;C:\WINDOWS\System32\OpenSSH\;C:\Automation\NodeJS\;C:\Program Files\NVIDIA Corporation\NVIDIA app\NvDLISR;C:\Users\imsaa\AppData\Local\Programs\Python\Python36\Scripts\;C:\Users\imsaa\AppData\Local\Programs\Python\Python36\;C:\Users\imsaa\AppData\Local\Programs\Python\Python37\Scripts\;C:\Users\imsaa\AppData\Local\Programs\Python\Python37\;C:\Users\imsaa\AppData\Local\Programs\Python\Python39\Scripts\;C:\Users\imsaa\AppData\Local\Programs\Python\Python39\;C:\Users\imsaa\anaconda3;C:\Users\imsaa\anaconda3\Library\mingw-w64\bin;C:\Users\imsaa\anaconda3\Library\usr\bin;C:\Users\imsaa\anaconda3\Library\b;c:\Automation\cursor\resources\app\bin;C:\Automation\Git\cmd;\Users\imsaa\AppData\Local\Android\Sdk\platform-tools;C:\Automation\Maven\apache-maven-3.9.9\bin;C:\Users\imsaa\AppData\Local\Programs\Python\Python36\Scripts\;C:\Users\imsaa\AppData\Local\Programs\Python\Python36\;C:\Users\imsaa\AppData\Local\Programs\Python\Python37\Scripts\;C:\Users\imsaa\AppData\Local\Programs\Python\Python37\;C:\Users\imsaa\AppData\Local\Programs\Python\Python39\Scripts\;C:\Users\imsaa\AppData\Local\Programs\Python\Python39\;C:\Users\imsaa\anaconda3;C:\Users\imsaa\anaconda3\Library\mingw-w64\bin;C:\Users\imsaa\anaconda3\Library\usr\bin;C:\Users\imsaa\anaconda3\Library\bin;C:\Users\imsaa\anaconda3\Scripts;C:\Users\imsaa\AppData\Local\Microsoft\WindowsApps;C:\Users\imsaa\AppData\Local\Programs\Microsoft VS Code\bin;C:\Users\imsaa\AppData\Roaming\npm;C:\Program Files\Azure Data Studio\bin;C:\Automation\cursor\resources\app\bin;C:\Users\imsaa\AppData\Local\gitkraken\bin
USERNAME=imsaa
LANG=en_US.UTF-8
OS=Windows_NT
PROCESSOR_IDENTIFIER=Intel64 Family 6 Model 165 Stepping 2, GenuineIntel
TMP=C:\Users\imsaa\AppData\Local\Temp
TEMP=C:\Users\imsaa\AppData\Local\Temp




Periodic native trim disabled

---------------  S Y S T E M  ---------------

OS:
 Windows 11 , 64 bit Build 22621 (10.0.22621.5015)
OS uptime: 0 days 2:36 hours

CPU: total 12 (initial active 12) (6 cores per cpu, 2 threads per core) family 6 model 165 stepping 2 microcode 0xea, cx8, cmov, fxsr, ht, mmx, 3dnowpref, sse, sse2, sse3, ssse3, sse4.1, sse4.2, popcnt, lzcnt, tsc, tscinvbit, avx, avx2, aes, erms, clmul, bmi1, bmi2, adx, fma, vzeroupper, clflush, clflushopt, rdtscp, f16c, pku
Processor Information for all 12 processors :
  Max Mhz: 2592, Current Mhz: 2592, Mhz Limit: 2592

Memory: 4k page, system-wide physical 16215M (4270M free)
TotalPageFile size 16215M (AvailPageFile size 5M)
current process WorkingSet (physical memory assigned to process): 102M, peak: 102M
current process commit charge ("private bytes"): 374M, peak: 374M

vm_info: Java HotSpot(TM) 64-Bit Server VM (21.0.5+9-LTS-239) for windows-amd64 JRE (21.0.5+9-LTS-239), built on 2024-09-30T05:17:38Z by "mach5one" with MS VC++ 17.6 (VS2022)

END.
